// Jest Snapshot v1, https://goo.gl/fbAQLP

exports[`Message Component renders with all props 1`] = `
<styled.div
  type="success"
>
  Fake Message
</styled.div>
`;
