// Jest Snapshot v1, https://goo.gl/fbAQLP

exports[`Hamburger Components Hamburger has correct default styles 1`] = `
.c0 {
  -webkit-align-self: flex-end;
  -ms-flex-item-align: end;
  align-self: flex-end;
  margin: 14px;
  width: 2rem;
  height: 2rem;
  -webkit-transform: rotate(0deg);
  -ms-transform: rotate(0deg);
  transform: rotate(0deg);
  -webkit-transition: 0.25s ease;
  transition: 0.25s ease;
  cursor: pointer;
  display: block;
}

.c0 span:nth-child(1) {
  top: 0;
}

.c0 span:nth-child(2),
.c0 span:nth-child(3) {
  top: 0.6rem;
}

.c0 span:nth-child(4) {
  top: 1.2rem;
}

@media (min-width:62.5rem) {
  .c0 {
    display: none;
  }
}

<styled.div
  theme={
    Object {
      "color": Object {
        "black": "#000",
        "darkGreen": "#37bc9b",
        "darkGrey": "#aab2bd",
        "darkRed": "#da4453",
        "lightGreen": "#48cfad",
        "lightGrey": "#ccd1d9",
        "lightRed": "#ed5565",
        "primary": "#5d9cec",
        "secondary": "#4a89dc",
        "white": "#fff",
      },
      "layout": Object {
        "maxWidth": "62.5rem",
        "minWidth": "25rem",
      },
    }
  }
>
  <StyledComponent
    forwardedClass={
      Object {
        "$$typeof": Symbol(react.forward_ref),
        "attrs": Array [],
        "componentStyle": ComponentStyle {
          "componentId": "sc-bdVaJa",
          "isStatic": false,
          "lastClassName": "c0",
          "rules": Array [
            "
  align-self: flex-end;
  margin: 14px;
  width: 2rem;
  height: 2rem;
  transform: rotate(0deg);
  transition: 0.25s ease;
  cursor: pointer;
  display: block;

  span:nth-child(1) {
    top: 0;
  }

  span:nth-child(2),
  span:nth-child(3) {
    top: 0.6rem;
  }

  span:nth-child(4) {
    top: 1.2rem;
  }

  ",
            [Function],
            ";

  ",
            "@media (min-width: 62.5rem)",
            " {
    display: none;
  }
",
          ],
        },
        "displayName": "styled.div",
        "render": [Function],
        "styledComponentId": "sc-bdVaJa",
        "target": "div",
        "toString": [Function],
        "warnTooManyClasses": [Function],
        "withComponent": [Function],
      }
    }
    forwardedRef={null}
    theme={
      Object {
        "color": Object {
          "black": "#000",
          "darkGreen": "#37bc9b",
          "darkGrey": "#aab2bd",
          "darkRed": "#da4453",
          "lightGreen": "#48cfad",
          "lightGrey": "#ccd1d9",
          "lightRed": "#ed5565",
          "primary": "#5d9cec",
          "secondary": "#4a89dc",
          "white": "#fff",
        },
        "layout": Object {
          "maxWidth": "62.5rem",
          "minWidth": "25rem",
        },
      }
    }
  >
    <div
      className="c0"
    />
  </StyledComponent>
</styled.div>
`;

exports[`Hamburger Components Hamburger has correct default styles when open 1`] = `
.c0 {
  -webkit-align-self: flex-end;
  -ms-flex-item-align: end;
  align-self: flex-end;
  margin: 14px;
  width: 2rem;
  height: 2rem;
  -webkit-transform: rotate(0deg);
  -ms-transform: rotate(0deg);
  transform: rotate(0deg);
  -webkit-transition: 0.25s ease;
  transition: 0.25s ease;
  cursor: pointer;
  display: block;
}

.c0 span:nth-child(1) {
  top: 0;
}

.c0 span:nth-child(2),
.c0 span:nth-child(3) {
  top: 0.6rem;
}

.c0 span:nth-child(4) {
  top: 1.2rem;
}

.c0 span:nth-child(1) {
  top: 0.8rem;
  width: 0%;
  left: 50%;
}

.c0 span:nth-child(2) {
  -webkit-transform: rotate(45deg);
  -ms-transform: rotate(45deg);
  transform: rotate(45deg);
}

.c0 span:nth-child(3) {
  -webkit-transform: rotate(-45deg);
  -ms-transform: rotate(-45deg);
  transform: rotate(-45deg);
}

.c0 span:nth-child(4) {
  top: 0.8rem;
  width: 0%;
  left: 50%;
}

@media (min-width:62.5rem) {
  .c0 {
    display: none;
  }
}

<styled.div
  isOpen={true}
  theme={
    Object {
      "color": Object {
        "black": "#000",
        "darkGreen": "#37bc9b",
        "darkGrey": "#aab2bd",
        "darkRed": "#da4453",
        "lightGreen": "#48cfad",
        "lightGrey": "#ccd1d9",
        "lightRed": "#ed5565",
        "primary": "#5d9cec",
        "secondary": "#4a89dc",
        "white": "#fff",
      },
      "layout": Object {
        "maxWidth": "62.5rem",
        "minWidth": "25rem",
      },
    }
  }
>
  <StyledComponent
    forwardedClass={
      Object {
        "$$typeof": Symbol(react.forward_ref),
        "attrs": Array [],
        "componentStyle": ComponentStyle {
          "componentId": "sc-bdVaJa",
          "isStatic": false,
          "lastClassName": "c0",
          "rules": Array [
            "
  align-self: flex-end;
  margin: 14px;
  width: 2rem;
  height: 2rem;
  transform: rotate(0deg);
  transition: 0.25s ease;
  cursor: pointer;
  display: block;

  span:nth-child(1) {
    top: 0;
  }

  span:nth-child(2),
  span:nth-child(3) {
    top: 0.6rem;
  }

  span:nth-child(4) {
    top: 1.2rem;
  }

  ",
            [Function],
            ";

  ",
            "@media (min-width: 62.5rem)",
            " {
    display: none;
  }
",
          ],
        },
        "displayName": "styled.div",
        "render": [Function],
        "styledComponentId": "sc-bdVaJa",
        "target": "div",
        "toString": [Function],
        "warnTooManyClasses": [Function],
        "withComponent": [Function],
      }
    }
    forwardedRef={null}
    isOpen={true}
    theme={
      Object {
        "color": Object {
          "black": "#000",
          "darkGreen": "#37bc9b",
          "darkGrey": "#aab2bd",
          "darkRed": "#da4453",
          "lightGreen": "#48cfad",
          "lightGrey": "#ccd1d9",
          "lightRed": "#ed5565",
          "primary": "#5d9cec",
          "secondary": "#4a89dc",
          "white": "#fff",
        },
        "layout": Object {
          "maxWidth": "62.5rem",
          "minWidth": "25rem",
        },
      }
    }
  >
    <div
      className="c0"
    />
  </StyledComponent>
</styled.div>
`;

exports[`Hamburger Components HamburgerComponent renders with all props 1`] = `
<styled.div
  isOpen={true}
  onClick={[Function]}
>
  <styled.span
    isOpen={true}
  />
  <styled.span
    isOpen={true}
  />
  <styled.span
    isOpen={true}
  />
  <styled.span
    isOpen={true}
  />
</styled.div>
`;

exports[`Hamburger Components HamburgerLine has correct default styles 1`] = `
.c0 {
  display: block;
  position: absolute;
  border-radius: 1.6rem;
  height: 0.2rem;
  width: 100%;
  opacity: 1;
  left: 0;
  -webkit-transform: rotate(0deg);
  -ms-transform: rotate(0deg);
  transform: rotate(0deg);
  -webkit-transition: 0.25s ease-in-out;
  transition: 0.25s ease-in-out;
  background: #fff;
}

@media (min-width:48rem) {
  .c0 {
    background: #fff;
  }
}

<styled.span
  theme={
    Object {
      "color": Object {
        "black": "#000",
        "darkGreen": "#37bc9b",
        "darkGrey": "#aab2bd",
        "darkRed": "#da4453",
        "lightGreen": "#48cfad",
        "lightGrey": "#ccd1d9",
        "lightRed": "#ed5565",
        "primary": "#5d9cec",
        "secondary": "#4a89dc",
        "white": "#fff",
      },
      "layout": Object {
        "maxWidth": "62.5rem",
        "minWidth": "25rem",
      },
    }
  }
>
  <StyledComponent
    forwardedClass={
      Object {
        "$$typeof": Symbol(react.forward_ref),
        "attrs": Array [],
        "componentStyle": ComponentStyle {
          "componentId": "sc-bwzfXH",
          "isStatic": false,
          "lastClassName": "c0",
          "rules": Array [
            "
  display: block;
  position: absolute;
  border-radius: 1.6rem;
  height: 0.2rem;
  width: 100%;
  opacity: 1;
  left: 0;
  transform: rotate(0deg);
  transition: 0.25s ease-in-out;
  background: ",
            [Function],
            ";

  ",
            "@media (min-width: 48rem)",
            " {
    background: ",
            [Function],
            ";
  }
",
          ],
        },
        "displayName": "styled.span",
        "render": [Function],
        "styledComponentId": "sc-bwzfXH",
        "target": "span",
        "toString": [Function],
        "warnTooManyClasses": [Function],
        "withComponent": [Function],
      }
    }
    forwardedRef={null}
    theme={
      Object {
        "color": Object {
          "black": "#000",
          "darkGreen": "#37bc9b",
          "darkGrey": "#aab2bd",
          "darkRed": "#da4453",
          "lightGreen": "#48cfad",
          "lightGrey": "#ccd1d9",
          "lightRed": "#ed5565",
          "primary": "#5d9cec",
          "secondary": "#4a89dc",
          "white": "#fff",
        },
        "layout": Object {
          "maxWidth": "62.5rem",
          "minWidth": "25rem",
        },
      }
    }
  >
    <span
      className="c0"
    />
  </StyledComponent>
</styled.span>
`;
