// Jest Snapshot v1, https://goo.gl/fbAQLP

exports[`Input Component renders with all props 1`] = `
<styled.label
  htmlFor="fakeId"
>
  <styled.input
    id="fakeId"
    name="fakeId"
    onBlur={[Function]}
    onChange={[Function]}
    placeholder="fake placeholder"
    type="text"
    value="fakeValue"
  />
  <styled.span>
    fake error message
  </styled.span>
</styled.label>
`;

exports[`Input Component renders without error message 1`] = `
<styled.label
  htmlFor="fakeId"
>
  <styled.input
    id="fakeId"
    name="fakeId"
    onBlur={[Function]}
    onChange={[Function]}
    placeholder="fake placeholder"
    type="text"
    value="fakeValue"
  />
</styled.label>
`;
